// Jest Snapshot v1, https://goo.gl/fbAQLP

exports[`FloatingDock renders and matches snapshot 1`] = `
<DocumentFragment>
  <div
    class="mx-auto hidden md:flex h-16 gap-4 items-end rounded-2xl bg-gray-50 dark:bg-neutral-900 px-4 pb-3"
  >
    <a
      href="/"
    >
      <div
        class="aspect-square rounded-full bg-gray-200 dark:bg-neutral-800 flex items-center justify-center relative"
        style="width: 40px; height: 40px;"
      >
        <div
          class="flex items-center justify-center"
          style="width: 20px; height: 20px;"
        >
          <span>
            I1
          </span>
        </div>
      </div>
    </a>
    <a
      href="/two"
    >
      <div
        class="aspect-square rounded-full bg-gray-200 dark:bg-neutral-800 flex items-center justify-center relative"
        style="width: 40px; height: 40px;"
      >
        <div
          class="flex items-center justify-center"
          style="width: 20px; height: 20px;"
        >
          <span>
            I2
          </span>
        </div>
      </div>
    </a>
  </div>
  <div
    class="relative block md:hidden"
  >
    <button
      class="h-10 w-10 rounded-full bg-gray-50 dark:bg-neutral-800 flex items-center justify-center"
    >
      <svg
        class="tabler-icon tabler-icon-layout-navbar-collapse h-5 w-5 text-neutral-500 dark:text-neutral-400"
        fill="none"
        height="24"
        stroke="currentColor"
        stroke-linecap="round"
        stroke-linejoin="round"
        stroke-width="2"
        viewBox="0 0 24 24"
        width="24"
        xmlns="http://www.w3.org/2000/svg"
      >
        <path
          d="M4 18v-12a2 2 0 0 1 2 -2h12a2 2 0 0 1 2 2v12a2 2 0 0 1 -2 2h-12a2 2 0 0 1 -2 -2z"
        />
        <path
          d="M4 9h16"
        />
        <path
          d="M10 16l2 -2l2 2"
        />
      </svg>
    </button>
  </div>
</DocumentFragment>
`;
