// Jest Snapshot v1, https://goo.gl/fbAQLP

exports[`BackgroundText component renders the Icon and matches snapshot 1`] = `
<DocumentFragment>
  <svg
    class="test-icon"
    fill="none"
    stroke="currentColor"
    stroke-width="1.5"
    viewBox="0 0 24 24"
    xmlns="http://www.w3.org/2000/svg"
  >
    <path
      d="M12 6v12m6-6H6"
      stroke-linecap="round"
      stroke-linejoin="round"
    />
  </svg>
</DocumentFragment>
`;
